[www.agrolook.com/index.html]
[cdnjs.cloudflare.com/ajax/libs/OwlCarousel2/2.3.4/assets/owl.carousel.min.css]
[cdnjs.cloudflare.com/ajax/libs/OwlCarousel2/2.3.4/assets/owl.theme.default.min.css]
[cdnjs.cloudflare.com/ajax/libs/animate.css/3.7.0/animate.css]
[cdnjs.cloudflare.com/ajax/libs/slick-carousel/1.5.9/slick.min.css]
[backblue.gif]
[fade.gif]
[index.html]
[cdnjs.cloudflare.com/ajax/libs/slick-carousel/1.5.9/slick-theme.min.css]
[cdn.jsdelivr.net/npm/bootstrap@5.1.3/dist/css/bootstrap.min.css]
[cdn.jsdelivr.net/gh/kenwheeler/slick@1.8.1/slick/slick-theme.css]
[cdn.jsdelivr.net/npm/slick-carousel@1.8.1/slick/slick.css]
[maxcdn.bootstrapcdn.com/bootstrap/3.4.1/css/bootstrap.min.css]
[ajax.googleapis.com/ajax/libs/jquery/3.5.1/jquery.min.js]
[maxcdn.bootstrapcdn.com/bootstrap/3.4.1/js/bootstrap.min.js]
[www.agrolook.com/index-2.html]
[www.agrolook.com/assets/images/Agrolook.jpg]
[www.agrolook.com/assets/images/facebook-b-outline.png]
[www.agrolook.com/assets/images/instagram.png]
[www.agrolook.com/assets/images/twitter-b-outline.jpg]
[www.agrolook.com/about.html]
[www.agrolook.com/news.html]
[www.agrolook.com/events.html]
[www.agrolook.com/subscription.html]
[www.agrolook.com/contact.html]
[www.agrolook.com/assets/homepagebannersupload/agro 1.jpg]
[www.agrolook.com/assets/homepagebannersupload/agro 2.jpg]
[www.agrolook.com/assets/homepagebannersupload/agro 3.jpg]
[www.agrolook.com/assets/homepagemagazinesupload/article1.jpg]
[www.agrolook.com/assets/homepagearticlesupload/article2.jpg]
[www.agrolook.com/news/by_fy28_indian_agro-chemicals_industry_projected_to_reach_14.html]
[www.agrolook.com/assets/eventsupcomingupload/Screenshot 2024-07-12 101924.png]
[www.agrolook.com/assets/eventsupcomingupload/Screenshot 2024-07-01 132624.png]
[www.agrolook.com/assets/images/social-dummy.jpg]
[www.agrolook.com/assets/images/TabFb.jpg]
[www.agrolook.com/assets/images/TabInsta.png]
[www.agrolook.com/assets/images/TabTwitter.png]
[www.agrolook.com/assets/homepagesponsorsupload/big mml.png]
[www.agrolook.com/assets/homepagepartnersupload/cacac.png]
[www.agrolook.com/assets/homepagepartnersupload/PMFAI-logo.jpg]
[www.agrolook.com/assets/homepagepartnersupload/AgroChemEx-2019-ACE-1.jpg]
[www.agrolook.com/assets/homepagepartnersupload/BRF.jpg]
[www.agrolook.com/assets/homepagepartnersupload/iibat-logo.jpg]
[code.jquery.com/ui/1.10.4/themes/ui-lightness/jquery-ui.css]
[cdnjs.cloudflare.com/ajax/libs/slick-carousel/1.8.1/slick.min.js]
[unpkg.com/sweetalert@2.1.2/dist/sweetalert.min.js]
[cdnjs.cloudflare.com/ajax/libs/OwlCarousel2/2.3.4/owl.carousel.min.js]
[code.jquery.com/jquery-1.10.2.js]
[code.jquery.com/ui/1.10.4/jquery-ui.js]
[www.agrolook.com/assets/images/location-b-outline.png]
[www.agrolook.com/assets/images/phone-b-outline.png]
[www.agrolook.com/assets/images/mail-b-outline.png]
[cdn.jsdelivr.net/npm/bootstrap@5.1.3/dist/js/bootstrap.bundle.min.js]
[www.agrolook.com/index.html]
[cdn.jsdelivr.net/npm/slick-carousel@1.8.1/slick/slick.min.js]
[cdnjs.cloudflare.com/ajax/libs/OwlCarousel2/2.3.4/assets/owl.carousel.min.css]
[cdnjs.cloudflare.com/ajax/libs/OwlCarousel2/2.3.4/assets/owl.theme.default.min.css]
[cdnjs.cloudflare.com/ajax/libs/animate.css/3.7.0/animate.css]
[cdnjs.cloudflare.com/ajax/libs/slick-carousel/1.5.9/slick.min.css]
[cdnjs.cloudflare.com/ajax/libs/OwlCarousel2/2.3.4/assets/owl.video.play.png]
[cdnjs.cloudflare.com/ajax/libs/slick-carousel/1.5.9/ajax-loader.gif]
[cdnjs.cloudflare.com/ajax/libs/slick-carousel/1.5.9/fonts/slick.eot]
[cdnjs.cloudflare.com/ajax/libs/slick-carousel/1.5.9/fonts/slickd41d.eot]
[cdnjs.cloudflare.com/ajax/libs/slick-carousel/1.5.9/fonts/slick.woff]
[cdnjs.cloudflare.com/ajax/libs/slick-carousel/1.5.9/fonts/slick.ttf]
[cdnjs.cloudflare.com/ajax/libs/slick-carousel/1.5.9/slick-theme.min.css]
[cdn.jsdelivr.net/npm/bootstrap@5.1.3/dist/css/bootstrap.min.css]
[cdnjs.cloudflare.com/ajax/libs/slick-carousel/1.5.9/fonts/slick.svg]
[cdn.jsdelivr.net/gh/kenwheeler/slick@1.8.1/slick/ajax-loader.gif]
[cdn.jsdelivr.net/gh/kenwheeler/slick@1.8.1/slick/fonts/slick.eot]
[cdn.jsdelivr.net/gh/kenwheeler/slick@1.8.1/slick/fonts/slickd41d.eot]
[cdn.jsdelivr.net/gh/kenwheeler/slick@1.8.1/slick/fonts/slick.woff]
[cdn.jsdelivr.net/gh/kenwheeler/slick@1.8.1/slick/fonts/slick.ttf]
[cdn.jsdelivr.net/gh/kenwheeler/slick@1.8.1/slick/fonts/slick.svg]
[cdn.jsdelivr.net/gh/kenwheeler/slick@1.8.1/slick/slick-theme.css]
[cdn.jsdelivr.net/npm/slick-carousel@1.8.1/slick/slick.css]
[www.agrolook.com/assets/fonts/Calibri-Bold.41.delayed]
[www.agrolook.com/assets/fonts/Calibri-Bold.woff]
[www.agrolook.com/assets/fonts/Calibri.woff2]
[www.agrolook.com/assets/fonts/Calibri.woff]
[www.agrolook.com/assets/fonts/Calibri-Italic.woff2]
[www.agrolook.com/assets/fonts/Calibri-Italic.woff]
[www.agrolook.com/assets/fonts/Calibri-Light.woff2]
[www.agrolook.com/assets/fonts/Calibri-Light.woff]
[www.agrolook.com/assets/fonts/Calibri-BoldItalic.woff2]
[www.agrolook.com/assets/fonts/Calibri-BoldItalic.woff]
[www.agrolook.com/assets/fonts/MinionPro-Bold.woff2]
[www.agrolook.com/assets/fonts/MinionPro-Bold.woff]
[www.agrolook.com/assets/fonts/Calibri-LightItalic.woff2]
[www.agrolook.com/assets/fonts/Calibri-LightItalic.woff]
[www.agrolook.com/assets/fonts/MinionPro-BoldIt.woff2]
[www.agrolook.com/assets/fonts/MinionPro-BoldIt.woff]
[www.agrolook.com/assets/fonts/MinionPro-BoldCnIt.woff2]
[www.agrolook.com/assets/fonts/MinionPro-BoldCnIt.woff]
[www.agrolook.com/assets/fonts/MinionPro-BoldCn.woff2]
[www.agrolook.com/assets/fonts/MinionPro-BoldCn.woff]
[www.agrolook.com/assets/fonts/MinionPro-MediumIt.woff2]
[www.agrolook.com/assets/fonts/MinionPro-MediumIt.woff]
[www.agrolook.com/assets/fonts/MinionPro-Medium.woff2]
[www.agrolook.com/assets/fonts/MinionPro-Medium.woff]
[www.agrolook.com/assets/fonts/MinionPro-It.woff2]
[www.agrolook.com/assets/fonts/MinionPro-It.woff]
[www.agrolook.com/assets/fonts/MinionPro-Regular.woff2]
[www.agrolook.com/assets/fonts/MinionPro-Regular.woff]
[www.agrolook.com/assets/fonts/MinionPro-SemiboldIt.woff2]
[www.agrolook.com/assets/fonts/MinionPro-SemiboldIt.woff]
[www.agrolook.com/assets/fonts/MinionPro-Semibold.woff2]
[www.agrolook.com/assets/fonts/MinionPro-Semibold.woff]
[www.agrolook.com/assets/images/grass.jpg]
[www.agrolook.com/assets/images/banner-event.jpg]
[www.agrolook.com/assets/images/banner-sponser.jpg]
[www.agrolook.com/assets/images/arrow-left.png]
[www.agrolook.com/assets/images/arrow-right.png]
[www.agrolook.com/assets/images/aboutus1.jpg]
[www.agrolook.com/assets/images/aboutus2.jpg]
[www.agrolook.com/assets/images/events-background.jpg]
[www.agrolook.com/assets/images/subscription-bg1.jpg]
[www.agrolook.com/assets/images/subscription-bg2.jpg]
[www.agrolook.com/assets/images/subs-bg.png]
[www.agrolook.com/assets/images/subs-bg2.png]
[www.agrolook.com/assets/images/sponsor-bg.jpg]
[www.agrolook.com/assets/images/banner-event-2.jpg]
[www.agrolook.com/assets/css/style.css]
[maxcdn.bootstrapcdn.com/bootstrap/3.4.1/css/bootstrap.min.css]
[www.agrolook.com/index-2.html]
[www.agrolook.com/about.html]
[www.agrolook.com/news.html]
[www.agrolook.com/assets/images/clock2.png]
[www.agrolook.com/assets/images/map.png]
[www.agrolook.com/assets/images/right-arrow.png]
[www.agrolook.com/assets/eventsupcomingupload/Screenshot 2024-06-26 161433.png]
[www.agrolook.com/assets/eventsupcomingupload/Screenshot 2024-06-24 121001.png]
[www.agrolook.com/assets/eventsupcomingupload/Screenshot 2024-06-14 161557.png]
[www.agrolook.com/assets/eventsupcomingupload/Mumbai.png]
[www.agrolook.com/assets/eventsupcomingupload/seagriculture-eu-2024-1.png]
[www.agrolook.com/assets/eventsupcomingupload/AFT.png]
[www.agrolook.com/assets/eventsupcomingupload/4ab6dc51-9575-484c-8e2b-d072b72eaf57.jpg]
[www.agrolook.com/assets/eventsupcomingupload/IC.png]
[www.agrolook.com/assets/eventsupcomingupload/AC.png]
[www.agrolook.com/assets/eventsupcomingupload/yugaro.png]
[www.agrolook.com/assets/eventsupcomingupload/RASE.png]
[www.agrolook.com/assets/eventsupcomingupload/AB.png]
[www.agrolook.com/assets/eventspastupload/CAC-banner-1-scaled.webp]
[www.agrolook.com/assets/eventspastupload/IMG-20240321-WA0038.jpg]
[www.agrolook.com/assets/eventspastupload/CAC1.jpg]
[www.agrolook.com/assets/eventspastupload/CAC2.jpg]
[www.agrolook.com/assets/eventspastupload/CAC3.jpg]
[www.agrolook.com/assets/eventspastupload/CAC5.jpg]
[www.agrolook.com/events.html]
[www.agrolook.com/assets/images/pdf.png]
[www.agrolook.com/assets/images/document.png]
[www.agrolook.com/subscription.html]
[www.agrolook.com/contact.html]
[www.agrolook.com/assets/newsupload/SPFU.png]
[www.agrolook.com/news/by_fy28_indian_agro-chemicals_industry_projected_to_reach_14.html]
[code.jquery.com/ui/1.10.4/themes/ui-lightness/images/animated-overlay.gif]
[code.jquery.com/ui/1.10.4/themes/ui-lightness/images/ui-bg_highlight-soft_100_eeeeee_1x100.png]
[code.jquery.com/ui/1.10.4/themes/ui-lightness/images/ui-bg_gloss-wave_35_f6a828_500x100.png]
[code.jquery.com/ui/1.10.4/themes/ui-lightness/images/ui-bg_glass_100_f6f6f6_1x400.png]
[code.jquery.com/ui/1.10.4/themes/ui-lightness/images/ui-bg_glass_100_fdf5ce_1x400.png]
[code.jquery.com/ui/1.10.4/themes/ui-lightness/images/ui-bg_glass_65_ffffff_1x400.png]
[code.jquery.com/ui/1.10.4/themes/ui-lightness/images/ui-bg_highlight-soft_75_ffe45c_1x100.png]
[code.jquery.com/ui/1.10.4/themes/ui-lightness/images/ui-bg_diagonals-thick_18_b81900_40x40.png]
[code.jquery.com/ui/1.10.4/themes/ui-lightness/images/ui-icons_222222_256x240.png]
[code.jquery.com/ui/1.10.4/themes/ui-lightness/images/ui-icons_ffffff_256x240.png]
[code.jquery.com/ui/1.10.4/themes/ui-lightness/images/ui-icons_ef8c08_256x240.png]
[code.jquery.com/ui/1.10.4/themes/ui-lightness/images/ui-icons_228ef1_256x240.png]
[code.jquery.com/ui/1.10.4/themes/ui-lightness/images/ui-icons_ffd27a_256x240.png]
[code.jquery.com/ui/1.10.4/themes/ui-lightness/images/ui-bg_diagonals-thick_20_666666_40x40.png]
[code.jquery.com/ui/1.10.4/themes/ui-lightness/images/ui-bg_flat_10_000000_40x100.png]
[code.jquery.com/ui/1.10.4/themes/ui-lightness/jquery-ui.css]
[cdnjs.cloudflare.com/ajax/libs/slick-carousel/1.5.9/fonts/slick.svg]
[cdn.jsdelivr.net/gh/kenwheeler/slick@1.8.1/slick/fonts/slick.svg]
[www.agrolook.com/assets/fonts/Calibri-Bold.html]
[www.agrolook.com/assets/fonts/Calibri-Bold-2.html]
[www.agrolook.com/assets/fonts/Calibri.html]
[www.agrolook.com/assets/fonts/Calibri-2.html]
[www.agrolook.com/assets/fonts/Calibri-Italic.html]
[www.agrolook.com/assets/fonts/Calibri-Italic-2.html]
[www.agrolook.com/assets/fonts/Calibri-Light.html]
[www.agrolook.com/assets/fonts/Calibri-Light-2.html]
[www.agrolook.com/assets/fonts/Calibri-BoldItalic.html]
[www.agrolook.com/assets/fonts/Calibri-BoldItalic-2.html]
[www.agrolook.com/assets/fonts/MinionPro-Bold.html]
[www.agrolook.com/assets/fonts/MinionPro-Bold-2.html]
[www.agrolook.com/assets/fonts/Calibri-LightItalic.html]
[www.agrolook.com/assets/fonts/Calibri-LightItalic-2.html]
[www.agrolook.com/assets/fonts/MinionPro-BoldIt.html]
[www.agrolook.com/assets/fonts/MinionPro-BoldIt-2.html]
[www.agrolook.com/assets/fonts/MinionPro-BoldCnIt.html]
[www.agrolook.com/assets/fonts/MinionPro-BoldCnIt-2.html]
[www.agrolook.com/assets/fonts/MinionPro-BoldCn.html]
[www.agrolook.com/assets/fonts/MinionPro-BoldCn-2.html]
[www.agrolook.com/assets/fonts/MinionPro-MediumIt.html]
[www.agrolook.com/assets/fonts/MinionPro-MediumIt-2.html]
[www.agrolook.com/assets/fonts/MinionPro-Medium.html]
[www.agrolook.com/assets/fonts/MinionPro-Medium-2.html]
[www.agrolook.com/assets/fonts/MinionPro-It.html]
[www.agrolook.com/assets/fonts/MinionPro-It-2.html]
[www.agrolook.com/assets/fonts/MinionPro-Regular.html]
[www.agrolook.com/assets/fonts/MinionPro-Regular-2.html]
[www.agrolook.com/assets/fonts/MinionPro-SemiboldIt.html]
[www.agrolook.com/assets/fonts/MinionPro-SemiboldIt-2.html]
[www.agrolook.com/assets/fonts/MinionPro-Semibold.html]
[www.agrolook.com/assets/fonts/MinionPro-Semibold-2.html]
